String: "this is a string"
String: "this is another string"
