'source'
Identifier: 'trivial'
'begin'
'relax'
'end'
